16:11:18.458 [main] INFO org.springframework.boot.devtools.restart.RestartApplicationListener -- Restart disabled due to System property 'spring.devtools.restart.enabled' being set to false
2026-07-28T16:11:20.046+05:30  INFO 15128 --- [plus33-erp] [           main] com.plus33.erp.Plus33ErpApplication      : Starting Plus33ErpApplication using Java 17.0.17 with PID 15128 (D:\plus33\plus33-erp\target\classes started by admin in D:\plus33\plus33-erp)
2026-07-28T16:11:20.048+05:30  INFO 15128 --- [plus33-erp] [           main] com.plus33.erp.Plus33ErpApplication      : No active profile set, falling back to 1 default profile: "default"
2026-07-28T16:11:20.195+05:30  INFO 15128 --- [plus33-erp] [           main] .e.DevToolsPropertyDefaultsPostProcessor : For additional web related logging consider setting the 'logging.level.web' property to 'DEBUG'
2026-07-28T16:11:29.545+05:30  INFO 15128 --- [plus33-erp] [           main] .s.d.r.c.RepositoryConfigurationDelegate : Bootstrapping Spring Data JPA repositories in DEFAULT mode.
2026-07-28T16:11:35.413+05:30  INFO 15128 --- [plus33-erp] [           main] .s.d.r.c.RepositoryConfigurationDelegate : Finished Spring Data repository scanning in 5847 ms. Found 602 JPA repository interfaces.
2026-07-28T16:11:40.729+05:30  INFO 15128 --- [plus33-erp] [           main] o.s.boot.tomcat.TomcatWebServer          : Tomcat initialized with port 8080 (http)
2026-07-28T16:11:40.756+05:30  INFO 15128 --- [plus33-erp] [           main] o.apache.catalina.core.StandardService   : Starting service [Tomcat]
2026-07-28T16:11:40.756+05:30  INFO 15128 --- [plus33-erp] [           main] o.apache.catalina.core.StandardEngine    : Starting Servlet engine: [Apache Tomcat/11.0.24]
2026-07-28T16:11:40.899+05:30  INFO 15128 --- [plus33-erp] [           main] b.w.c.s.WebApplicationContextInitializer : Root WebApplicationContext: initialization completed in 20700 ms
2026-07-28T16:11:42.950+05:30  INFO 15128 --- [plus33-erp] [           main] com.zaxxer.hikari.HikariDataSource       : HikariPool-1 - Starting...
2026-07-28T16:11:43.378+05:30  INFO 15128 --- [plus33-erp] [           main] com.zaxxer.hikari.pool.HikariPool        : HikariPool-1 - Added connection org.postgresql.jdbc.PgConnection@30b0f674
2026-07-28T16:11:43.381+05:30  INFO 15128 --- [plus33-erp] [           main] com.zaxxer.hikari.HikariDataSource       : HikariPool-1 - Start completed.
2026-07-28T16:11:43.454+05:30  INFO 15128 --- [plus33-erp] [           main] org.flywaydb.core.FlywayExecutor         : Database: jdbc:postgresql://localhost:5432/plus33_erp (PostgreSQL 17.10)
2026-07-28T16:11:43.825+05:30  INFO 15128 --- [plus33-erp] [           main] o.f.core.internal.command.DbMigrate      : Current version of schema "public": 441
2026-07-28T16:11:43.827+05:30 ERROR 15128 --- [plus33-erp] [           main] o.f.core.internal.command.DbMigrate      : Schema "public" has version 441, but no migration could be resolved in the configured locations !
2026-07-28T16:11:43.838+05:30  INFO 15128 --- [plus33-erp] [           main] o.f.core.internal.command.DbMigrate      : Schema "public" is up to date. No migration necessary.
2026-07-28T16:11:44.567+05:30  INFO 15128 --- [plus33-erp] [           main] org.hibernate.orm.jpa                    : HHH008540: Processing PersistenceUnitInfo [name: default]
2026-07-28T16:11:44.772+05:30  INFO 15128 --- [plus33-erp] [           main] org.hibernate.orm.core                   : HHH000001: Hibernate ORM core version 7.2.23.Final
2026-07-28T16:11:45.943+05:30  INFO 15128 --- [plus33-erp] [           main] o.s.o.j.p.SpringPersistenceUnitInfo      : No LoadTimeWeaver setup: ignoring JPA class transformer
2026-07-28T16:11:46.123+05:30  INFO 15128 --- [plus33-erp] [           main] org.hibernate.orm.connections.pooling    : HHH10001005: Database info:
	Database JDBC URL [jdbc:postgresql://localhost:5432/plus33_erp]
	Database driver: PostgreSQL JDBC Driver
	Database dialect: PostgreSQLDialect
	Database version: 17.10
	Default catalog/schema: plus33_erp/public
	Autocommit mode: undefined/unknown
	Isolation level: READ_COMMITTED [default READ_COMMITTED]
	JDBC fetch size: none
	Pool: DataSourceConnectionProvider
	Minimum pool size: undefined/unknown
	Maximum pool size: undefined/unknown
2026-07-28T16:12:02.293+05:30  INFO 15128 --- [plus33-erp] [           main] org.hibernate.orm.core                   : HHH000489: No JTA platform available (set 'hibernate.transaction.jta.platform' to enable JTA platform integration)
2026-07-28T16:12:03.327+05:30  INFO 15128 --- [plus33-erp] [           main] j.LocalContainerEntityManagerFactoryBean : Initialized JPA EntityManagerFactory for persistence unit 'default'
2026-07-28T16:12:03.877+05:30  INFO 15128 --- [plus33-erp] [           main] o.s.d.j.r.query.QueryEnhancerFactories   : Hibernate is in classpath; If applicable, HQL parser will be used.
2026-07-28T16:12:39.103+05:30  INFO 15128 --- [plus33-erp] [           main] o.s.boot.tomcat.TomcatWebServer          : Tomcat started on port 8080 (http) with context path '/'
2026-07-28T16:12:39.668+05:30  INFO 15128 --- [plus33-erp] [           main] o.s.b.a.e.web.EndpointLinksResolver      : Exposing 1 endpoint beneath base path '/actuator'
2026-07-28T16:12:39.704+05:30  INFO 15128 --- [plus33-erp] [           main] com.plus33.erp.Plus33ErpApplication      : Started Plus33ErpApplication in 81.31 seconds (process running for 115.993)
2026-07-28T16:12:39.846+05:30  WARN 15128 --- [plus33-erp] [           main] o.s.core.events.SpringDocAppInitializer  : SpringDoc /v3/api-docs endpoint is enabled by default. To disable it in production, set the property 'springdoc.api-docs.enabled=false'
2026-07-28T16:12:39.847+05:30  WARN 15128 --- [plus33-erp] [           main] o.s.core.events.SpringDocAppInitializer  : SpringDoc /swagger-ui.html endpoint is enabled by default. To disable it in production, set the property 'springdoc.swagger-ui.enabled=false'
2026-07-28T16:13:24.141+05:30  INFO 15128 --- [plus33-erp] [0.1-8080-exec-1] o.a.c.c.C.[Tomcat].[localhost].[/]       : Initializing Spring DispatcherServlet 'dispatcherServlet'
2026-07-28T16:13:24.141+05:30  INFO 15128 --- [plus33-erp] [0.1-8080-exec-1] o.s.web.servlet.DispatcherServlet        : Initializing Servlet 'dispatcherServlet'
2026-07-28T16:13:24.467+05:30  INFO 15128 --- [plus33-erp] [0.1-8080-exec-1] o.s.web.servlet.DispatcherServlet        : Completed initialization in 326 ms
2026-07-28T16:13:24.795+05:30  INFO 15128 --- [plus33-erp] [0.1-8080-exec-1] eAuthenticationProviderManagerConfigurer : Global AuthenticationManager configured with AuthenticationProvider bean with name authenticationProvider
2026-07-28T16:13:24.809+05:30  WARN 15128 --- [plus33-erp] [0.1-8080-exec-1] r$InitializeUserDetailsManagerConfigurer : Global AuthenticationManager configured with an AuthenticationProvider bean. UserDetailsService beans will not be used by Spring Security for automatically configuring username/password login. Consider removing the AuthenticationProvider bean. Alternatively, consider using the UserDetailsService in a manually instantiated DaoAuthenticationProvider. If the current configuration is intentional, to turn off this warning, increase the logging level of 'org.springframework.security.config.annotation.authentication.configuration.InitializeUserDetailsBeanManagerConfigurer' to ERROR
2026-07-28T16:14:25.045+05:30  WARN 15128 --- [plus33-erp] [0.1-8080-exec-8] c.p.erp.security.filter.JwtAuthFilter    : Invalid JWT token: An error occurred while attempting to decode the Jwt: Jwt expired at 2026-07-28T10:43:19Z
2026-07-28T16:15:33.009+05:30  WARN 15128 --- [plus33-erp] [0.1-8080-exec-3] c.p.erp.security.filter.JwtAuthFilter    : Invalid JWT token: An error occurred while attempting to decode the Jwt: Jwt expired at 2026-07-28T10:44:00Z
2026-07-28T16:15:33.032+05:30  WARN 15128 --- [plus33-erp] [0.1-8080-exec-6] c.p.erp.security.filter.JwtAuthFilter    : Invalid JWT token: An error occurred while attempting to decode the Jwt: Jwt expired at 2026-07-28T10:44:24Z
